
> plato-facil@0.1.0 build
> next build

Ôû▓ Next.js 16.1.0 (Turbopack)
- Environments: .env.local
- Experiments (use with caution):
  ┬À serverActions

node.exe : ÔÜá The "middleware" file 
convention is deprecated. Please use 
"proxy" instead. Learn more: https://nex
tjs.org/docs/messages/middleware-to-prox
y
En C:\Program Files\nodejs\npm.ps1: 29 
Carácter: 3
+   & $NODE_EXE $NPM_CLI_JS $args
+   ~~~~~~~~~~~~~~~~~~~~~~~~~~~~~
    + CategoryInfo          : NotSpecif 
   ied: (ÔÜá The "middle...leware-to-p  
  roxy:String) [], RemoteException
    + FullyQualifiedErrorId : NativeCom 
   mandError
 
  Creating an optimized production build ...
Ô£ô Compiled successfully in 22.8s
  Running TypeScript ...
Failed to compile.

./src/modules/dueno/configuraciones/comp
onents/LocationPicker.tsx:120:71
Type error: Expected 1 arguments, but 
got 2.

[0m [90m 118 |[39m
 [90m 119 |[39m         [36mtry[39m 
{
[31m[1m>[22m[39m[90m 120 |[39m    
         [36mconst[39m map 
[33m=[39m [33mL[39m[33m.[39mmap(ma
pContainerRef[33m.[39mcurrent 
[36mas[39m 
[33mHTMLElement[39m[33m,[39m {
 [90m     |[39m                       
                                        
        [31m[1m^[22m[39m
 [90m 121 |[39m                 
zoomControl[33m:[39m [36mfalse[39m
 [90m 122 |[39m             })[33m.[
39msetView([selectedLocation[33m.[39ml
at[33m,[39m selectedLocation[33m.[39
mlng][33m,[39m 
[35m15[39m)[33m;[39m
 [90m 123 |[39m[0m
Next.js build worker exited with code: 
1 and signal: null
